   Compiling spartan-whir v0.1.0 (/Users/alexkuzmin/development/spartan-p3/spartan-whir)
    Finished `bench` profile [optimized] target(s) in 44.22s
     Running benches/spark_proof_compression.rs (target/release/deps/spark_proof_compression-5d202fbb05a9cbb5)
Gnuplot not found, using plotters backend
corpus_sample_verified: 1
corpus_sample_verified: 2
corpus_sample_verified: 3
corpus_sample_verified: 4
proof_size_report: benchmark-results/2026-09-05-spark-proof-size/measurements.json
proof_size_json: {"corpus_size":4,"corpus_threads":1,"features":"parallel,poseidon1","fixture_workdir":"target/sha256-optimized-cache","git_revision":"411849a2826ad734b18c461c3c47fb45e0561166","matched_instance_bytes":true,"matched_postproof_extension_challenges":16,"measurement_seconds":15,"phases":["end_to_end","encode","decode_verify"],"rng_seed":6495715901224340556,"rustflags":"-C target-cpu=native -C debuginfo=0","sample_size":10,"schema":1,"security_bits":116,"setup":{"ell_zk":3,"mask_log_inv_rate":3,"matrix_closing":"Spark","security":{"merkle_security_bits":116,"security_level_bits":116,"soundness_assumption":"JohnsonBound"},"spark_whir_params":{"fixed_audit":{"folding_factor":8,"folding_schedule":{"Constant":8},"pow_bits":6,"round_log_inv_rates":[],"rs_domain_initial_reduction_factor":8,"starting_log_inv_rate":1},"fixed_value":{"folding_factor":8,"folding_schedule":{"ConstantFromSecondRound":{"first":8,"rest":4}},"pow_bits":9,"round_log_inv_rates":[],"rs_domain_initial_reduction_factor":8,"starting_log_inv_rate":1},"read":{"folding_factor":8,"folding_schedule":{"ConstantFromSecondRound":{"first":8,"rest":4}},"pow_bits":9,"round_log_inv_rates":[],"rs_domain_initial_reduction_factor":8,"starting_log_inv_rate":1}},"whir_params":{"folding_factor":8,"folding_schedule":{"ConstantFromSecondRound":{"first":8,"rest":3}},"pow_bits":7,"round_log_inv_rates":[],"rs_domain_initial_reduction_factor":7,"starting_log_inv_rate":1}},"shape":{"num_cons":605424,"num_io":256,"num_vars":593120},"threads":12,"timed_variants":["baseline","rows","rows_fresh","rows_fresh_packed","rows_fresh_packed_metadata","rows_fresh_packed_metadata_factored","final_rows","derived_products","refined_metadata","duplicate_columns"],"variants":[{"bytes_saved_against_matched_baseline":[0,0,0,0],"encoding_statistics":[null,null,null,null],"max_bytes":2742957,"mean_bytes":2741325.0,"median_bytes":2741789.0,"min_bytes":2738765,"options":null,"proof_bytes":[2742957,2742445,2738765,2741133],"variant":"baseline"},{"bytes_saved_against_matched_baseline":[173825,173825,173825,173825],"encoding_statistics":[{"all_non_field_saving_bound_bytes":5639.25,"field_elements":633337,"ideal_field_range_saving_bytes":895.8007631184082,"other_bits":45464,"packed_field_bits":19633447,"refined_other_bits":45114},{"all_non_field_saving_bound_bytes":5639.25,"field_elements":633209,"ideal_field_range_saving_bytes":895.6197181175963,"other_bits":45464,"packed_field_bits":19629479,"refined_other_bits":45114},{"all_non_field_saving_bound_bytes":5638.25,"field_elements":632289,"ideal_field_range_saving_bytes":894.3184571742614,"other_bits":45456,"packed_field_bits":19600959,"refined_other_bits":45106},{"all_non_field_saving_bound_bytes":5639.25,"field_elements":632881,"ideal_field_range_saving_bytes":895.155790303016,"other_bits":45464,"packed_field_bits":19619311,"refined_other_bits":45114}],"max_bytes":2569132,"mean_bytes":2567500.0,"median_bytes":2567964.0,"min_bytes":2564940,"options":{"compact_integers":false,"derived_products":false,"duplicate_columns":false,"factored_rounds":false,"final_rows":false,"fresh_rows":false,"packed_fields":false,"refined_metadata":false,"structured_rows":true},"proof_bytes":[2569132,2568620,2564940,2567308],"variant":"rows"},{"bytes_saved_against_matched_baseline":[388145,388145,388145,388145],"encoding_statistics":[{"all_non_field_saving_bound_bytes":4899.25,"field_elements":581237,"ideal_field_range_saving_bytes":822.1097901317216,"other_bits":39544,"packed_field_bits":18018347,"refined_other_bits":39194},{"all_non_field_saving_bound_bytes":4899.25,"field_elements":581109,"ideal_field_range_saving_bytes":821.9287451309099,"other_bits":39544,"packed_field_bits":18014379,"refined_other_bits":39194},{"all_non_field_saving_bound_bytes":4898.25,"field_elements":580189,"ideal_field_range_saving_bytes":820.627484187575,"other_bits":39536,"packed_field_bits":17985859,"refined_other_bits":39186},{"all_non_field_saving_bound_bytes":4899.25,"field_elements":580781,"ideal_field_range_saving_bytes":821.4648173163296,"other_bits":39544,"packed_field_bits":18004211,"refined_other_bits":39194}],"max_bytes":2354812,"mean_bytes":2353180.0,"median_bytes":2353644.0,"min_bytes":2350620,"options":{"compact_integers":false,"derived_products":false,"duplicate_columns":false,"factored_rounds":false,"final_rows":false,"fresh_rows":true,"packed_fields":false,"refined_metadata":false,"structured_rows":true},"proof_bytes":[2354812,2354300,2350620,2352988],"variant":"rows_fresh"},{"bytes_saved_against_matched_baseline":[460799,460783,460668,460742],"encoding_statistics":[{"all_non_field_saving_bound_bytes":4899.25,"field_elements":581237,"ideal_field_range_saving_bytes":822.1097901317216,"other_bits":39544,"packed_field_bits":18018347,"refined_other_bits":39194},{"all_non_field_saving_bound_bytes":4899.25,"field_elements":581109,"ideal_field_range_saving_bytes":821.9287451309099,"other_bits":39544,"packed_field_bits":18014379,"refined_other_bits":39194},{"all_non_field_saving_bound_bytes":4898.25,"field_elements":580189,"ideal_field_range_saving_bytes":820.627484187575,"other_bits":39536,"packed_field_bits":17985859,"refined_other_bits":39186},{"all_non_field_saving_bound_bytes":4899.25,"field_elements":580781,"ideal_field_range_saving_bytes":821.4648173163296,"other_bits":39544,"packed_field_bits":18004211,"refined_other_bits":39194}],"max_bytes":2282158,"mean_bytes":2280577.0,"median_bytes":2281026.5,"min_bytes":2278097,"options":{"compact_integers":false,"derived_products":false,"duplicate_columns":false,"factored_rounds":false,"final_rows":false,"fresh_rows":true,"packed_fields":true,"refined_metadata":false,"structured_rows":true},"proof_bytes":[2282158,2281662,2278097,2280391],"variant":"rows_fresh_packed"},{"bytes_saved_against_matched_baseline":[485714,485698,485584,485657],"encoding_statistics":[{"all_non_field_saving_bound_bytes":4899.25,"field_elements":581237,"ideal_field_range_saving_bytes":822.1097901317216,"other_bits":39544,"packed_field_bits":18018347,"refined_other_bits":39194},{"all_non_field_saving_bound_bytes":4899.25,"field_elements":581109,"ideal_field_range_saving_bytes":821.9287451309099,"other_bits":39544,"packed_field_bits":18014379,"refined_other_bits":39194},{"all_non_field_saving_bound_bytes":4898.25,"field_elements":580189,"ideal_field_range_saving_bytes":820.627484187575,"other_bits":39536,"packed_field_bits":17985859,"refined_other_bits":39186},{"all_non_field_saving_bound_bytes":4899.25,"field_elements":580781,"ideal_field_range_saving_bytes":821.4648173163296,"other_bits":39544,"packed_field_bits":18004211,"refined_other_bits":39194}],"max_bytes":2257243,"mean_bytes":2255661.75,"median_bytes":2256111.5,"min_bytes":2253181,"options":{"compact_integers":true,"derived_products":false,"duplicate_columns":false,"factored_rounds":false,"final_rows":false,"fresh_rows":true,"packed_fields":true,"refined_metadata":false,"structured_rows":true},"proof_bytes":[2257243,2256747,2253181,2255476],"variant":"rows_fresh_packed_metadata"},{"bytes_saved_against_matched_baseline":[493550,493534,493420,493493],"encoding_statistics":[{"all_non_field_saving_bound_bytes":4949.25,"field_elements":579202,"ideal_field_range_saving_bytes":819.2314575016275,"other_bits":39944,"packed_field_bits":17955262,"refined_other_bits":39594},{"all_non_field_saving_bound_bytes":4949.25,"field_elements":579074,"ideal_field_range_saving_bytes":819.0504125008157,"other_bits":39944,"packed_field_bits":17951294,"refined_other_bits":39594},{"all_non_field_saving_bound_bytes":4948.25,"field_elements":578154,"ideal_field_range_saving_bytes":817.7491515574807,"other_bits":39936,"packed_field_bits":17922774,"refined_other_bits":39586},{"all_non_field_saving_bound_bytes":4949.25,"field_elements":578746,"ideal_field_range_saving_bytes":818.5864846862354,"other_bits":39944,"packed_field_bits":17941126,"refined_other_bits":39594}],"max_bytes":2249407,"mean_bytes":2247825.75,"median_bytes":2248275.5,"min_bytes":2245345,"options":{"compact_integers":true,"derived_products":false,"duplicate_columns":false,"factored_rounds":true,"final_rows":false,"fresh_rows":true,"packed_fields":true,"refined_metadata":false,"structured_rows":true},"proof_bytes":[2249407,2248911,2245345,2247640],"variant":"rows_fresh_packed_metadata_factored"},{"bytes_saved_against_matched_baseline":[495468,495452,495338,495411],"encoding_statistics":[{"all_non_field_saving_bound_bytes":4949.25,"field_elements":578707,"ideal_field_range_saving_bytes":818.5313225375505,"other_bits":39944,"packed_field_bits":17939917,"refined_other_bits":39594},{"all_non_field_saving_bound_bytes":4949.25,"field_elements":578579,"ideal_field_range_saving_bytes":818.3502775367388,"other_bits":39944,"packed_field_bits":17935949,"refined_other_bits":39594},{"all_non_field_saving_bound_bytes":4948.25,"field_elements":577659,"ideal_field_range_saving_bytes":817.0490165934037,"other_bits":39936,"packed_field_bits":17907429,"refined_other_bits":39586},{"all_non_field_saving_bound_bytes":4949.25,"field_elements":578251,"ideal_field_range_saving_bytes":817.8863497221585,"other_bits":39944,"packed_field_bits":17925781,"refined_other_bits":39594}],"max_bytes":2247489,"mean_bytes":2245907.75,"median_bytes":2246357.5,"min_bytes":2243427,"options":{"compact_integers":true,"derived_products":false,"duplicate_columns":false,"factored_rounds":true,"final_rows":true,"fresh_rows":true,"packed_fields":true,"refined_metadata":false,"structured_rows":true},"proof_bytes":[2247489,2246993,2243427,2245722],"variant":"final_rows"},{"bytes_saved_against_matched_baseline":[495875,495859,495745,495818],"encoding_statistics":[{"all_non_field_saving_bound_bytes":4949.25,"field_elements":578602,"ideal_field_range_saving_bytes":818.3828090603221,"other_bits":39944,"packed_field_bits":17936662,"refined_other_bits":39594},{"all_non_field_saving_bound_bytes":4949.25,"field_elements":578474,"ideal_field_range_saving_bytes":818.2017640595103,"other_bits":39944,"packed_field_bits":17932694,"refined_other_bits":39594},{"all_non_field_saving_bound_bytes":4948.25,"field_elements":577554,"ideal_field_range_saving_bytes":816.9005031161753,"other_bits":39936,"packed_field_bits":17904174,"refined_other_bits":39586},{"all_non_field_saving_bound_bytes":4949.25,"field_elements":578146,"ideal_field_range_saving_bytes":817.73783624493,"other_bits":39944,"packed_field_bits":17922526,"refined_other_bits":39594}],"max_bytes":2247082,"mean_bytes":2245500.75,"median_bytes":2245950.5,"min_bytes":2243020,"options":{"compact_integers":true,"derived_products":true,"duplicate_columns":false,"factored_rounds":true,"final_rows":true,"fresh_rows":true,"packed_fields":true,"refined_metadata":false,"structured_rows":true},"proof_bytes":[2247082,2246586,2243020,2245315],"variant":"derived_products"},{"bytes_saved_against_matched_baseline":[495919,495903,495789,495862],"encoding_statistics":[{"all_non_field_saving_bound_bytes":4949.25,"field_elements":578602,"ideal_field_range_saving_bytes":818.3828090603221,"other_bits":39944,"packed_field_bits":17936662,"refined_other_bits":39594},{"all_non_field_saving_bound_bytes":4949.25,"field_elements":578474,"ideal_field_range_saving_bytes":818.2017640595103,"other_bits":39944,"packed_field_bits":17932694,"refined_other_bits":39594},{"all_non_field_saving_bound_bytes":4948.25,"field_elements":577554,"ideal_field_range_saving_bytes":816.9005031161753,"other_bits":39936,"packed_field_bits":17904174,"refined_other_bits":39586},{"all_non_field_saving_bound_bytes":4949.25,"field_elements":578146,"ideal_field_range_saving_bytes":817.73783624493,"other_bits":39944,"packed_field_bits":17922526,"refined_other_bits":39594}],"max_bytes":2247038,"mean_bytes":2245456.75,"median_bytes":2245906.5,"min_bytes":2242976,"options":{"compact_integers":true,"derived_products":true,"duplicate_columns":false,"factored_rounds":true,"final_rows":true,"fresh_rows":true,"packed_fields":true,"refined_metadata":true,"structured_rows":true},"proof_bytes":[2247038,2246542,2242976,2245271],"variant":"refined_metadata"},{"bytes_saved_against_matched_baseline":[495919,495903,495789,495862],"encoding_statistics":[{"all_non_field_saving_bound_bytes":4949.25,"field_elements":578602,"ideal_field_range_saving_bytes":818.3828090603221,"other_bits":39944,"packed_field_bits":17936662,"refined_other_bits":39594},{"all_non_field_saving_bound_bytes":4949.25,"field_elements":578474,"ideal_field_range_saving_bytes":818.2017640595103,"other_bits":39944,"packed_field_bits":17932694,"refined_other_bits":39594},{"all_non_field_saving_bound_bytes":4948.25,"field_elements":577554,"ideal_field_range_saving_bytes":816.9005031161753,"other_bits":39936,"packed_field_bits":17904174,"refined_other_bits":39586},{"all_non_field_saving_bound_bytes":4949.25,"field_elements":578146,"ideal_field_range_saving_bytes":817.73783624493,"other_bits":39944,"packed_field_bits":17922526,"refined_other_bits":39594}],"max_bytes":2247038,"mean_bytes":2245456.75,"median_bytes":2245906.5,"min_bytes":2242976,"options":{"compact_integers":true,"derived_products":true,"duplicate_columns":true,"factored_rounds":true,"final_rows":true,"fresh_rows":true,"packed_fields":true,"refined_metadata":true,"structured_rows":true},"proof_bytes":[2247038,2246542,2242976,2245271],"variant":"duplicate_columns"}],"verified_every_sample":true,"warmup_seconds":3,"workload":"sha256_2048b_full_zk_poseidon1_quintic_spark"}
Benchmarking spark_proof_compression/end_to_end/baseline
Benchmarking spark_proof_compression/end_to_end/baseline: Warming up for 3.0000 s
Benchmarking spark_proof_compression/end_to_end/baseline: Collecting 10 samples in estimated 21.048 s (20 iterations)
Benchmarking spark_proof_compression/end_to_end/baseline: Analyzing
spark_proof_compression/end_to_end/baseline
                        time:   [1.0461 s 1.0538 s 1.0635 s]
                        thrpt:  [0.9403  elem/s 0.9490  elem/s 0.9559  elem/s]
Found 2 outliers among 10 measurements (20.00%)
  1 (10.00%) high mild
  1 (10.00%) high severe
Benchmarking spark_proof_compression/end_to_end/rows
Benchmarking spark_proof_compression/end_to_end/rows: Warming up for 3.0000 s
Benchmarking spark_proof_compression/end_to_end/rows: Collecting 10 samples in estimated 21.995 s (20 iterations)
Benchmarking spark_proof_compression/end_to_end/rows: Analyzing
spark_proof_compression/end_to_end/rows
                        time:   [1.0490 s 1.0546 s 1.0600 s]
                        thrpt:  [0.9434  elem/s 0.9482  elem/s 0.9532  elem/s]
Benchmarking spark_proof_compression/end_to_end/rows_fresh
Benchmarking spark_proof_compression/end_to_end/rows_fresh: Warming up for 3.0000 s
Benchmarking spark_proof_compression/end_to_end/rows_fresh: Collecting 10 samples in estimated 21.677 s (20 iterations)
Benchmarking spark_proof_compression/end_to_end/rows_fresh: Analyzing
spark_proof_compression/end_to_end/rows_fresh
                        time:   [1.0618 s 1.0655 s 1.0708 s]
                        thrpt:  [0.9339  elem/s 0.9385  elem/s 0.9418  elem/s]
Found 2 outliers among 10 measurements (20.00%)
  1 (10.00%) high mild
  1 (10.00%) high severe
Benchmarking spark_proof_compression/end_to_end/rows_fresh_packed
Benchmarking spark_proof_compression/end_to_end/rows_fresh_packed: Warming up for 3.0000 s
Benchmarking spark_proof_compression/end_to_end/rows_fresh_packed: Collecting 10 samples in estimated 21.528 s (20 iterations)
Benchmarking spark_proof_compression/end_to_end/rows_fresh_packed: Analyzing
spark_proof_compression/end_to_end/rows_fresh_packed
                        time:   [1.0616 s 1.0667 s 1.0721 s]
                        thrpt:  [0.9328  elem/s 0.9374  elem/s 0.9420  elem/s]
Benchmarking spark_proof_compression/end_to_end/rows_fresh_packed_metadata
Benchmarking spark_proof_compression/end_to_end/rows_fresh_packed_metadata: Warming up for 3.0000 s
Benchmarking spark_proof_compression/end_to_end/rows_fresh_packed_metadata: Collecting 10 samples in estimated 21.113 s (20 iterations)
Benchmarking spark_proof_compression/end_to_end/rows_fresh_packed_metadata: Analyzing
spark_proof_compression/end_to_end/rows_fresh_packed_metadata
                        time:   [1.0505 s 1.0548 s 1.0607 s]
                        thrpt:  [0.9428  elem/s 0.9480  elem/s 0.9520  elem/s]
Found 1 outliers among 10 measurements (10.00%)
  1 (10.00%) high mild
Benchmarking spark_proof_compression/end_to_end/rows_fresh_packed_metadata_factored
Benchmarking spark_proof_compression/end_to_end/rows_fresh_packed_metadata_factored: Warming up for 3.0000 s
Benchmarking spark_proof_compression/end_to_end/rows_fresh_packed_metadata_factored: Collecting 10 samples in estimated 21.197 s (20 iterations)
Benchmarking spark_proof_compression/end_to_end/rows_fresh_packed_metadata_factored: Analyzing
spark_proof_compression/end_to_end/rows_fresh_packed_metadata_factored
                        time:   [1.0521 s 1.0572 s 1.0634 s]
                        thrpt:  [0.9404  elem/s 0.9459  elem/s 0.9505  elem/s]
Found 2 outliers among 10 measurements (20.00%)
  2 (20.00%) high mild
Benchmarking spark_proof_compression/end_to_end/final_rows
Benchmarking spark_proof_compression/end_to_end/final_rows: Warming up for 3.0000 s
Benchmarking spark_proof_compression/end_to_end/final_rows: Collecting 10 samples in estimated 21.097 s (20 iterations)
Benchmarking spark_proof_compression/end_to_end/final_rows: Analyzing
spark_proof_compression/end_to_end/final_rows
                        time:   [1.0536 s 1.0588 s 1.0647 s]
                        thrpt:  [0.9393  elem/s 0.9445  elem/s 0.9491  elem/s]
Benchmarking spark_proof_compression/end_to_end/derived_products
Benchmarking spark_proof_compression/end_to_end/derived_products: Warming up for 3.0000 s
Benchmarking spark_proof_compression/end_to_end/derived_products: Collecting 10 samples in estimated 21.550 s (20 iterations)
Benchmarking spark_proof_compression/end_to_end/derived_products: Analyzing
spark_proof_compression/end_to_end/derived_products
                        time:   [1.0525 s 1.0561 s 1.0600 s]
                        thrpt:  [0.9434  elem/s 0.9469  elem/s 0.9501  elem/s]
Benchmarking spark_proof_compression/end_to_end/refined_metadata
Benchmarking spark_proof_compression/end_to_end/refined_metadata: Warming up for 3.0000 s
Benchmarking spark_proof_compression/end_to_end/refined_metadata: Collecting 10 samples in estimated 21.263 s (20 iterations)
Benchmarking spark_proof_compression/end_to_end/refined_metadata: Analyzing
spark_proof_compression/end_to_end/refined_metadata
                        time:   [1.0559 s 1.0687 s 1.0851 s]
                        thrpt:  [0.9216  elem/s 0.9357  elem/s 0.9471  elem/s]
Found 2 outliers among 10 measurements (20.00%)
  1 (10.00%) high mild
  1 (10.00%) high severe
Benchmarking spark_proof_compression/end_to_end/duplicate_columns
Benchmarking spark_proof_compression/end_to_end/duplicate_columns: Warming up for 3.0000 s
Benchmarking spark_proof_compression/end_to_end/duplicate_columns: Collecting 10 samples in estimated 21.320 s (20 iterations)
Benchmarking spark_proof_compression/end_to_end/duplicate_columns: Analyzing
spark_proof_compression/end_to_end/duplicate_columns
                        time:   [1.0551 s 1.0594 s 1.0639 s]
                        thrpt:  [0.9399  elem/s 0.9439  elem/s 0.9478  elem/s]

Benchmarking spark_proof_compression/encode/baseline
Benchmarking spark_proof_compression/encode/baseline: Warming up for 3.0000 s
Benchmarking spark_proof_compression/encode/baseline: Collecting 10 samples in estimated 15.013 s (47k iterations)
Benchmarking spark_proof_compression/encode/baseline: Analyzing
spark_proof_compression/encode/baseline
                        time:   [313.11 µs 313.89 µs 314.83 µs]
                        thrpt:  [3.1763 Kelem/s 3.1858 Kelem/s 3.1938 Kelem/s]
Found 1 outliers among 10 measurements (10.00%)
  1 (10.00%) high mild
Benchmarking spark_proof_compression/encode/rows
Benchmarking spark_proof_compression/encode/rows: Warming up for 3.0000 s
Benchmarking spark_proof_compression/encode/rows: Collecting 10 samples in estimated 15.138 s (3300 iterations)
Benchmarking spark_proof_compression/encode/rows: Analyzing
spark_proof_compression/encode/rows
                        time:   [4.5528 ms 4.5567 ms 4.5642 ms]
                        thrpt:  [219.10  elem/s 219.46  elem/s 219.65  elem/s]
Found 1 outliers among 10 measurements (10.00%)
  1 (10.00%) high mild
Benchmarking spark_proof_compression/encode/rows_fresh
Benchmarking spark_proof_compression/encode/rows_fresh: Warming up for 3.0000 s
Benchmarking spark_proof_compression/encode/rows_fresh: Collecting 10 samples in estimated 15.231 s (3630 iterations)
Benchmarking spark_proof_compression/encode/rows_fresh: Analyzing
spark_proof_compression/encode/rows_fresh
                        time:   [4.1663 ms 4.1686 ms 4.1706 ms]
                        thrpt:  [239.77  elem/s 239.89  elem/s 240.02  elem/s]
Found 1 outliers among 10 measurements (10.00%)
  1 (10.00%) high severe
Benchmarking spark_proof_compression/encode/rows_fresh_packed
Benchmarking spark_proof_compression/encode/rows_fresh_packed: Warming up for 3.0000 s
Benchmarking spark_proof_compression/encode/rows_fresh_packed: Collecting 10 samples in estimated 15.006 s (3135 iterations)
Benchmarking spark_proof_compression/encode/rows_fresh_packed: Analyzing
spark_proof_compression/encode/rows_fresh_packed
                        time:   [4.7671 ms 4.7802 ms 4.7965 ms]
                        thrpt:  [208.48  elem/s 209.20  elem/s 209.77  elem/s]
Found 1 outliers among 10 measurements (10.00%)
  1 (10.00%) high severe
Benchmarking spark_proof_compression/encode/rows_fresh_packed_metadata
Benchmarking spark_proof_compression/encode/rows_fresh_packed_metadata: Warming up for 3.0000 s
Benchmarking spark_proof_compression/encode/rows_fresh_packed_metadata: Collecting 10 samples in estimated 15.243 s (3190 iterations)
Benchmarking spark_proof_compression/encode/rows_fresh_packed_metadata: Analyzing
spark_proof_compression/encode/rows_fresh_packed_metadata
                        time:   [4.7377 ms 4.7438 ms 4.7513 ms]
                        thrpt:  [210.47  elem/s 210.80  elem/s 211.07  elem/s]
Benchmarking spark_proof_compression/encode/rows_fresh_packed_metadata_factored
Benchmarking spark_proof_compression/encode/rows_fresh_packed_metadata_factored: Warming up for 3.0000 s
Benchmarking spark_proof_compression/encode/rows_fresh_packed_metadata_factored: Collecting 10 samples in estimated 15.030 s (3190 iterations)
Benchmarking spark_proof_compression/encode/rows_fresh_packed_metadata_factored: Analyzing
spark_proof_compression/encode/rows_fresh_packed_metadata_factored
                        time:   [4.7087 ms 4.7118 ms 4.7165 ms]
                        thrpt:  [212.02  elem/s 212.23  elem/s 212.37  elem/s]
Benchmarking spark_proof_compression/encode/final_rows
Benchmarking spark_proof_compression/encode/final_rows: Warming up for 3.0000 s
Benchmarking spark_proof_compression/encode/final_rows: Collecting 10 samples in estimated 15.017 s (3190 iterations)
Benchmarking spark_proof_compression/encode/final_rows: Analyzing
spark_proof_compression/encode/final_rows
                        time:   [4.7027 ms 4.7117 ms 4.7244 ms]
                        thrpt:  [211.67  elem/s 212.24  elem/s 212.64  elem/s]
Found 2 outliers among 10 measurements (20.00%)
  1 (10.00%) low mild
  1 (10.00%) high severe
Benchmarking spark_proof_compression/encode/derived_products
Benchmarking spark_proof_compression/encode/derived_products: Warming up for 3.0000 s
Benchmarking spark_proof_compression/encode/derived_products: Collecting 10 samples in estimated 15.029 s (3190 iterations)
Benchmarking spark_proof_compression/encode/derived_products: Analyzing
spark_proof_compression/encode/derived_products
                        time:   [4.6975 ms 4.7096 ms 4.7281 ms]
                        thrpt:  [211.50  elem/s 212.33  elem/s 212.88  elem/s]
Found 1 outliers among 10 measurements (10.00%)
  1 (10.00%) high severe
Benchmarking spark_proof_compression/encode/refined_metadata
Benchmarking spark_proof_compression/encode/refined_metadata: Warming up for 3.0000 s
Benchmarking spark_proof_compression/encode/refined_metadata: Collecting 10 samples in estimated 15.017 s (3190 iterations)
Benchmarking spark_proof_compression/encode/refined_metadata: Analyzing
spark_proof_compression/encode/refined_metadata
                        time:   [4.7019 ms 4.7179 ms 4.7401 ms]
                        thrpt:  [210.97  elem/s 211.96  elem/s 212.68  elem/s]
Found 1 outliers among 10 measurements (10.00%)
  1 (10.00%) high severe
Benchmarking spark_proof_compression/encode/duplicate_columns
Benchmarking spark_proof_compression/encode/duplicate_columns: Warming up for 3.0000 s
Benchmarking spark_proof_compression/encode/duplicate_columns: Collecting 10 samples in estimated 15.242 s (3245 iterations)
Benchmarking spark_proof_compression/encode/duplicate_columns: Analyzing
spark_proof_compression/encode/duplicate_columns
                        time:   [4.6964 ms 4.7065 ms 4.7228 ms]
                        thrpt:  [211.74  elem/s 212.47  elem/s 212.93  elem/s]
Found 2 outliers among 10 measurements (20.00%)
  2 (20.00%) high severe

Benchmarking spark_proof_compression/decode_verify/baseline
Benchmarking spark_proof_compression/decode_verify/baseline: Warming up for 3.0000 s
Benchmarking spark_proof_compression/decode_verify/baseline: Collecting 10 samples in estimated 17.044 s (275 iterations)
Benchmarking spark_proof_compression/decode_verify/baseline: Analyzing
spark_proof_compression/decode_verify/baseline
                        time:   [61.783 ms 61.924 ms 62.131 ms]
                        thrpt:  [16.095  elem/s 16.149  elem/s 16.186  elem/s]
Found 1 outliers among 10 measurements (10.00%)
  1 (10.00%) high mild
Benchmarking spark_proof_compression/decode_verify/rows
Benchmarking spark_proof_compression/decode_verify/rows: Warming up for 3.0000 s
Benchmarking spark_proof_compression/decode_verify/rows: Collecting 10 samples in estimated 18.306 s (275 iterations)
Benchmarking spark_proof_compression/decode_verify/rows: Analyzing
spark_proof_compression/decode_verify/rows
                        time:   [65.372 ms 65.507 ms 65.735 ms]
                        thrpt:  [15.213  elem/s 15.265  elem/s 15.297  elem/s]
Found 1 outliers among 10 measurements (10.00%)
  1 (10.00%) high mild
Benchmarking spark_proof_compression/decode_verify/rows_fresh
Benchmarking spark_proof_compression/decode_verify/rows_fresh: Warming up for 3.0000 s
Benchmarking spark_proof_compression/decode_verify/rows_fresh: Collecting 10 samples in estimated 16.405 s (220 iterations)
Benchmarking spark_proof_compression/decode_verify/rows_fresh: Analyzing
spark_proof_compression/decode_verify/rows_fresh
                        time:   [74.327 ms 74.535 ms 74.871 ms]
                        thrpt:  [13.356  elem/s 13.417  elem/s 13.454  elem/s]
Found 1 outliers among 10 measurements (10.00%)
  1 (10.00%) high severe
Benchmarking spark_proof_compression/decode_verify/rows_fresh_packed
Benchmarking spark_proof_compression/decode_verify/rows_fresh_packed: Warming up for 3.0000 s
Benchmarking spark_proof_compression/decode_verify/rows_fresh_packed: Collecting 10 samples in estimated 16.496 s (220 iterations)
Benchmarking spark_proof_compression/decode_verify/rows_fresh_packed: Analyzing
spark_proof_compression/decode_verify/rows_fresh_packed
                        time:   [74.970 ms 75.102 ms 75.358 ms]
                        thrpt:  [13.270  elem/s 13.315  elem/s 13.339  elem/s]
Found 2 outliers among 10 measurements (20.00%)
  2 (20.00%) high severe
Benchmarking spark_proof_compression/decode_verify/rows_fresh_packed_metadata
Benchmarking spark_proof_compression/decode_verify/rows_fresh_packed_metadata: Warming up for 3.0000 s
Benchmarking spark_proof_compression/decode_verify/rows_fresh_packed_metadata: Collecting 10 samples in estimated 16.480 s (220 iterations)
Benchmarking spark_proof_compression/decode_verify/rows_fresh_packed_metadata: Analyzing
spark_proof_compression/decode_verify/rows_fresh_packed_metadata
                        time:   [74.954 ms 75.023 ms 75.166 ms]
                        thrpt:  [13.304  elem/s 13.329  elem/s 13.342  elem/s]
Found 4 outliers among 10 measurements (40.00%)
  2 (20.00%) low severe
  2 (20.00%) high severe
Benchmarking spark_proof_compression/decode_verify/rows_fresh_packed_metadata_factored
Benchmarking spark_proof_compression/decode_verify/rows_fresh_packed_metadata_factored: Warming up for 3.0000 s
Benchmarking spark_proof_compression/decode_verify/rows_fresh_packed_metadata_factored: Collecting 10 samples in estimated 16.775 s (220 iterations)
Benchmarking spark_proof_compression/decode_verify/rows_fresh_packed_metadata_factored: Analyzing
spark_proof_compression/decode_verify/rows_fresh_packed_metadata_factored
                        time:   [76.155 ms 76.439 ms 76.923 ms]
                        thrpt:  [13.000  elem/s 13.082  elem/s 13.131  elem/s]
Found 2 outliers among 10 measurements (20.00%)
  1 (10.00%) high mild
  1 (10.00%) high severe
Benchmarking spark_proof_compression/decode_verify/final_rows
Benchmarking spark_proof_compression/decode_verify/final_rows: Warming up for 3.0000 s
Benchmarking spark_proof_compression/decode_verify/final_rows: Collecting 10 samples in estimated 17.056 s (220 iterations)
Benchmarking spark_proof_compression/decode_verify/final_rows: Analyzing
spark_proof_compression/decode_verify/final_rows
                        time:   [76.437 ms 76.663 ms 77.082 ms]
                        thrpt:  [12.973  elem/s 13.044  elem/s 13.083  elem/s]
Found 1 outliers among 10 measurements (10.00%)
  1 (10.00%) high mild
Benchmarking spark_proof_compression/decode_verify/derived_products
Benchmarking spark_proof_compression/decode_verify/derived_products: Warming up for 3.0000 s
Benchmarking spark_proof_compression/decode_verify/derived_products: Collecting 10 samples in estimated 16.925 s (220 iterations)
Benchmarking spark_proof_compression/decode_verify/derived_products: Analyzing
spark_proof_compression/decode_verify/derived_products
                        time:   [76.576 ms 76.737 ms 76.971 ms]
                        thrpt:  [12.992  elem/s 13.032  elem/s 13.059  elem/s]
Found 1 outliers among 10 measurements (10.00%)
  1 (10.00%) high severe
Benchmarking spark_proof_compression/decode_verify/refined_metadata
Benchmarking spark_proof_compression/decode_verify/refined_metadata: Warming up for 3.0000 s
Benchmarking spark_proof_compression/decode_verify/refined_metadata: Collecting 10 samples in estimated 16.963 s (220 iterations)
Benchmarking spark_proof_compression/decode_verify/refined_metadata: Analyzing
spark_proof_compression/decode_verify/refined_metadata
                        time:   [76.613 ms 76.978 ms 77.276 ms]
                        thrpt:  [12.941  elem/s 12.991  elem/s 13.053  elem/s]
Benchmarking spark_proof_compression/decode_verify/duplicate_columns
Benchmarking spark_proof_compression/decode_verify/duplicate_columns: Warming up for 3.0000 s
Benchmarking spark_proof_compression/decode_verify/duplicate_columns: Collecting 10 samples in estimated 17.477 s (220 iterations)
Benchmarking spark_proof_compression/decode_verify/duplicate_columns: Analyzing
spark_proof_compression/decode_verify/duplicate_columns
                        time:   [79.675 ms 79.934 ms 80.309 ms]
                        thrpt:  [12.452  elem/s 12.510  elem/s 12.551  elem/s]
Found 2 outliers among 10 measurements (20.00%)
  1 (10.00%) low mild
  1 (10.00%) high mild
